// Jest Snapshot v1, https://goo.gl/fbAQLP

exports[`renders color picker component 1`] = `
Array [
  <Text
    accessible={true}
    allowFontScaling={true}
    ellipsizeMode="tail"
    numberOfLines={1}
    style={
      Array [
        Object {
          "color": "#000",
          "fontFamily": "System",
          "fontSize": 17,
          "fontWeight": "700",
          "marginLeft": undefined,
          "paddingLeft": 4,
          "paddingTop": 1,
          "textAlign": "center",
        },
        Object {
          "color": "#000",
          "textAlign": "left",
        },
      ]
    }
    virtual={undefined}
  >
    Select Color
  </Text>,
  <View
    style={
      Array [
        Object {},
        Object {
          "flex": 1,
          "flexDirection": "row",
        },
      ]
    }
    virtual={undefined}
  >
    <View
      accessibilityComponentType={undefined}
      accessibilityLabel={undefined}
      accessibilityTraits={undefined}
      accessible={true}
      collapsable={undefined}
      hasTVPreferredFocus={undefined}
      hitSlop={undefined}
      isTVSelectable={true}
      nativeID={undefined}
      onLayout={undefined}
      onResponderGrant={[Function]}
      onResponderMove={[Function]}
      onResponderRelease={[Function]}
      onResponderTerminate={[Function]}
      onResponderTerminationRequest={[Function]}
      onStartShouldSetResponder={[Function]}
      style={
        Object {
          "alignItems": "center",
          "alignSelf": "flex-start",
          "backgroundColor": "transparent",
          "borderBottomWidth": null,
          "borderColor": "#007aff",
          "borderLeftWidth": null,
          "borderRadius": 5,
          "borderRightWidth": null,
          "borderTopWidth": null,
          "elevation": 0,
          "flexDirection": "row",
          "height": 30,
          "justifyContent": "space-between",
          "opacity": 1,
          "paddingBottom": 6,
          "paddingTop": 6,
          "shadowColor": null,
          "shadowOffset": null,
          "shadowOpacity": null,
          "shadowRadius": null,
        }
      }
      testID={undefined}
      tvParallaxProperties={undefined}
    >
      <Text
        accessible={true}
        allowFontScaling={false}
        ellipsizeMode="tail"
        style={
          Array [
            Object {
              "color": undefined,
              "fontSize": 12,
            },
            Array [
              Object {
                "color": "#000",
                "fontSize": 30,
              },
              Object {
                "color": "#007aff",
                "fontSize": 20,
                "marginLeft": 16,
                "marginRight": 16,
                "paddingTop": 0,
              },
              Object {
                "marginLeft": 5,
              },
              Object {
                "color": "#000",
              },
            ],
            Object {
              "fontFamily": "FontAwesome",
              "fontStyle": "normal",
              "fontWeight": "normal",
            },
          ]
        }
        type="FontAwesome"
        virtual={undefined}
      >
        
      </Text>
    </View>
    <View
      accessibilityComponentType={undefined}
      accessibilityLabel={undefined}
      accessibilityTraits={undefined}
      accessible={true}
      collapsable={undefined}
      hasTVPreferredFocus={undefined}
      hitSlop={undefined}
      isTVSelectable={true}
      nativeID={undefined}
      onLayout={undefined}
      onResponderGrant={[Function]}
      onResponderMove={[Function]}
      onResponderRelease={[Function]}
      onResponderTerminate={[Function]}
      onResponderTerminationRequest={[Function]}
      onStartShouldSetResponder={[Function]}
      style={
        Object {
          "alignItems": "center",
          "alignSelf": "flex-start",
          "backgroundColor": "transparent",
          "borderBottomWidth": null,
          "borderColor": "#007aff",
          "borderLeftWidth": null,
          "borderRadius": 5,
          "borderRightWidth": null,
          "borderTopWidth": null,
          "elevation": 0,
          "flexDirection": "row",
          "height": 30,
          "justifyContent": "space-between",
          "opacity": 1,
          "paddingBottom": 6,
          "paddingTop": 6,
          "shadowColor": null,
          "shadowOffset": null,
          "shadowOpacity": null,
          "shadowRadius": null,
        }
      }
      testID={undefined}
      tvParallaxProperties={undefined}
    >
      <Text
        accessible={true}
        allowFontScaling={false}
        ellipsizeMode="tail"
        style={
          Array [
            Object {
              "color": undefined,
              "fontSize": 12,
            },
            Array [
              Object {
                "color": "#000",
                "fontSize": 30,
              },
              Object {
                "color": "#007aff",
                "fontSize": 20,
                "marginLeft": 16,
                "marginRight": 16,
                "paddingTop": 0,
              },
              Object {
                "marginLeft": 5,
              },
              Object {
                "color": "#007aff",
              },
            ],
            Object {
              "fontFamily": "FontAwesome",
              "fontStyle": "normal",
              "fontWeight": "normal",
            },
          ]
        }
        type="FontAwesome"
        virtual={undefined}
      >
        
      </Text>
    </View>
    <View
      accessibilityComponentType={undefined}
      accessibilityLabel={undefined}
      accessibilityTraits={undefined}
      accessible={true}
      collapsable={undefined}
      hasTVPreferredFocus={undefined}
      hitSlop={undefined}
      isTVSelectable={true}
      nativeID={undefined}
      onLayout={undefined}
      onResponderGrant={[Function]}
      onResponderMove={[Function]}
      onResponderRelease={[Function]}
      onResponderTerminate={[Function]}
      onResponderTerminationRequest={[Function]}
      onStartShouldSetResponder={[Function]}
      style={
        Object {
          "alignItems": "center",
          "alignSelf": "flex-start",
          "backgroundColor": "transparent",
          "borderBottomWidth": null,
          "borderColor": "#007aff",
          "borderLeftWidth": null,
          "borderRadius": 5,
          "borderRightWidth": null,
          "borderTopWidth": null,
          "elevation": 0,
          "flexDirection": "row",
          "height": 30,
          "justifyContent": "space-between",
          "opacity": 1,
          "paddingBottom": 6,
          "paddingTop": 6,
          "shadowColor": null,
          "shadowOffset": null,
          "shadowOpacity": null,
          "shadowRadius": null,
        }
      }
      testID={undefined}
      tvParallaxProperties={undefined}
    >
      <Text
        accessible={true}
        allowFontScaling={false}
        ellipsizeMode="tail"
        style={
          Array [
            Object {
              "color": undefined,
              "fontSize": 12,
            },
            Array [
              Object {
                "color": "#000",
                "fontSize": 30,
              },
              Object {
                "color": "#007aff",
                "fontSize": 20,
                "marginLeft": 16,
                "marginRight": 16,
                "paddingTop": 0,
              },
              Object {
                "marginLeft": 5,
              },
              Object {
                "color": "#5cb85c",
              },
            ],
            Object {
              "fontFamily": "FontAwesome",
              "fontStyle": "normal",
              "fontWeight": "normal",
            },
          ]
        }
        type="FontAwesome"
        virtual={undefined}
      >
        
      </Text>
    </View>
    <View
      accessibilityComponentType={undefined}
      accessibilityLabel={undefined}
      accessibilityTraits={undefined}
      accessible={true}
      collapsable={undefined}
      hasTVPreferredFocus={undefined}
      hitSlop={undefined}
      isTVSelectable={true}
      nativeID={undefined}
      onLayout={undefined}
      onResponderGrant={[Function]}
      onResponderMove={[Function]}
      onResponderRelease={[Function]}
      onResponderTerminate={[Function]}
      onResponderTerminationRequest={[Function]}
      onStartShouldSetResponder={[Function]}
      style={
        Object {
          "alignItems": "center",
          "alignSelf": "flex-start",
          "backgroundColor": "transparent",
          "borderBottomWidth": null,
          "borderColor": "#007aff",
          "borderLeftWidth": null,
          "borderRadius": 5,
          "borderRightWidth": null,
          "borderTopWidth": null,
          "elevation": 0,
          "flexDirection": "row",
          "height": 30,
          "justifyContent": "space-between",
          "opacity": 1,
          "paddingBottom": 6,
          "paddingTop": 6,
          "shadowColor": null,
          "shadowOffset": null,
          "shadowOpacity": null,
          "shadowRadius": null,
        }
      }
      testID={undefined}
      tvParallaxProperties={undefined}
    >
      <Text
        accessible={true}
        allowFontScaling={false}
        ellipsizeMode="tail"
        style={
          Array [
            Object {
              "color": undefined,
              "fontSize": 12,
            },
            Array [
              Object {
                "color": "#000",
                "fontSize": 30,
              },
              Object {
                "color": "#007aff",
                "fontSize": 20,
                "marginLeft": 16,
                "marginRight": 16,
                "paddingTop": 0,
              },
              Object {
                "marginLeft": 5,
              },
              Object {
                "color": "#d9534f",
              },
            ],
            Object {
              "fontFamily": "FontAwesome",
              "fontStyle": "normal",
              "fontWeight": "normal",
            },
          ]
        }
        type="FontAwesome"
        virtual={undefined}
      >
        
      </Text>
    </View>
    <View
      accessibilityComponentType={undefined}
      accessibilityLabel={undefined}
      accessibilityTraits={undefined}
      accessible={true}
      collapsable={undefined}
      hasTVPreferredFocus={undefined}
      hitSlop={undefined}
      isTVSelectable={true}
      nativeID={undefined}
      onLayout={undefined}
      onResponderGrant={[Function]}
      onResponderMove={[Function]}
      onResponderRelease={[Function]}
      onResponderTerminate={[Function]}
      onResponderTerminationRequest={[Function]}
      onStartShouldSetResponder={[Function]}
      style={
        Object {
          "alignItems": "center",
          "alignSelf": "flex-start",
          "backgroundColor": "transparent",
          "borderBottomWidth": null,
          "borderColor": "#007aff",
          "borderLeftWidth": null,
          "borderRadius": 5,
          "borderRightWidth": null,
          "borderTopWidth": null,
          "elevation": 0,
          "flexDirection": "row",
          "height": 30,
          "justifyContent": "space-between",
          "opacity": 1,
          "paddingBottom": 6,
          "paddingTop": 6,
          "shadowColor": null,
          "shadowOffset": null,
          "shadowOpacity": null,
          "shadowRadius": null,
        }
      }
      testID={undefined}
      tvParallaxProperties={undefined}
    >
      <Text
        accessible={true}
        allowFontScaling={false}
        ellipsizeMode="tail"
        style={
          Array [
            Object {
              "color": undefined,
              "fontSize": 12,
            },
            Array [
              Object {
                "color": "#000",
                "fontSize": 30,
              },
              Object {
                "color": "#007aff",
                "fontSize": 20,
                "marginLeft": 16,
                "marginRight": 16,
                "paddingTop": 0,
              },
              Object {
                "marginLeft": 5,
              },
              Object {
                "color": "#f0ad4e",
              },
            ],
            Object {
              "fontFamily": "FontAwesome",
              "fontStyle": "normal",
              "fontWeight": "normal",
            },
          ]
        }
        type="FontAwesome"
        virtual={undefined}
      >
        
      </Text>
    </View>
  </View>,
]
`;
