// Jest Snapshot v1, https://goo.gl/fbAQLP

exports[`renders rectangle component 1`] = `
<RNSVGSvgView
  bbHeight="100"
  bbWidth="100"
  style={
    Array [
      Object {
        "backgroundColor": "transparent",
      },
      undefined,
      false,
      Object {
        "flex": 0,
        "height": 100,
        "width": 100,
      },
    ]
  }
>
  <RNSVGRect
    fill={
      Array [
        0,
        0,
        0,
        0,
        1,
      ]
    }
    fillOpacity={1}
    fillRule={1}
    height="100"
    matrix={
      Array [
        1,
        0,
        0,
        1,
        0,
        0,
      ]
    }
    onLayout={undefined}
    opacity={1}
    originX={0}
    originY={0}
    propList={
      Array [
        "fill",
      ]
    }
    rotation={0}
    rx="0"
    ry="0"
    scaleX={1}
    scaleY={1}
    skewX={0}
    skewY={0}
    stroke={null}
    strokeDasharray={null}
    strokeDashoffset={null}
    strokeLinecap={0}
    strokeLinejoin={0}
    strokeMiterlimit={4}
    strokeOpacity={1}
    strokeWidth="1"
    width="100"
    x="0"
    y="0"
  />
</RNSVGSvgView>
`;
